// Jest Snapshot v1, https://goo.gl/fbAQLP

exports[`should rende the google map component properly 1`] = `"ldskfj"`;
