// Jest Snapshot v1, https://goo.gl/fbAQLP

exports[`should render LoadingOrElements component properly 1`] = `
<CSSTransitionGroup
  transitionAppear={true}
  transitionAppearTimeout={500}
  transitionEnter={false}
  transitionLeave={false}
  transitionName="mount-animation"
/>
`;
