// Jest Snapshot v1, https://goo.gl/fbAQLP

exports[`should render the FilterBar component properly 1`] = `
<div
  className="filter-bar"
>
  <CSSTransitionGroup
    transitionAppear={false}
    transitionEnter={true}
    transitionEnterTimeout={500}
    transitionLeave={true}
    transitionLeaveTimeout={500}
    transitionName="filter"
  />
</div>
`;
